Assembler report for minimig_poseidon-ep4cgx150
Wed Mar 26 21:31:32 2025
Quartus Prime Version 17.0.2 Build 602 07/19/2017 SJ Lite Edition


---------------------
; Table of Contents ;
---------------------
  1. Legal Notice
  2. Assembler Summary
  3. Assembler Settings
  4. Assembler Encrypted IP Cores Summary
  5. Assembler Generated Files
  6. Assembler Device Options: F:/FPGA-POSEIDON-2025-2/MinimigAGA_poseidon-ep4cgx150-and-neptuno-master/fpga/poseidon/output_files/minimig_poseidon-ep4cgx150.sof
  7. Assembler Device Options: F:/FPGA-POSEIDON-2025-2/MinimigAGA_poseidon-ep4cgx150-and-neptuno-master/fpga/poseidon/output_files/minimig_poseidon-ep4cgx150.rbf
  8. Assembler Messages



----------------
; Legal Notice ;
----------------
Copyright (C) 2017  Intel Corporation. All rights reserved.
Your use of Intel Corporation's design tools, logic functions 
and other software and tools, and its AMPP partner logic 
functions, and any output files from any of the foregoing 
(including device programming or simulation files), and any 
associated documentation or information are expressly subject 
to the terms and conditions of the Intel Program License 
Subscription Agreement, the Intel Quartus Prime License Agreement,
the Intel MegaCore Function License Agreement, or other 
applicable license agreement, including, without limitation, 
that your use is for the sole purpose of programming logic 
devices manufactured by Intel and sold by Intel or its 
authorized distributors.  Please refer to the applicable 
agreement for further details.



+---------------------------------------------------------------+
; Assembler Summary                                             ;
+-----------------------+---------------------------------------+
; Assembler Status      ; Successful - Wed Mar 26 21:31:32 2025 ;
; Revision Name         ; minimig_poseidon-ep4cgx150            ;
; Top-level Entity Name ; minimig_mist_top                      ;
; Family                ; Cyclone IV GX                         ;
; Device                ; EP4CGX150DF27I7                       ;
+-----------------------+---------------------------------------+


+----------------------------------+
; Assembler Settings               ;
+--------+---------+---------------+
; Option ; Setting ; Default Value ;
+--------+---------+---------------+


+------------------------------------------------+
; Assembler Encrypted IP Cores Summary           ;
+--------+------------------------+--------------+
; Vendor ; IP Core Name           ; License Type ;
+--------+------------------------+--------------+
; Altera ; Signal Tap (6AF7 BCE1) ; Licensed     ;
; Altera ; Signal Tap (6AF7 BCEC) ; Licensed     ;
+--------+------------------------+--------------+


+------------------------------------------------------------------------------------------------------------------------------------+
; Assembler Generated Files                                                                                                          ;
+------------------------------------------------------------------------------------------------------------------------------------+
; File Name                                                                                                                          ;
+------------------------------------------------------------------------------------------------------------------------------------+
; F:/FPGA-POSEIDON-2025-2/MinimigAGA_poseidon-ep4cgx150-and-neptuno-master/fpga/poseidon/output_files/minimig_poseidon-ep4cgx150.sof ;
; F:/FPGA-POSEIDON-2025-2/MinimigAGA_poseidon-ep4cgx150-and-neptuno-master/fpga/poseidon/output_files/minimig_poseidon-ep4cgx150.rbf ;
+------------------------------------------------------------------------------------------------------------------------------------+


+--------------------------------------------------------------------------------------------------------------------------------------------------------------+
; Assembler Device Options: F:/FPGA-POSEIDON-2025-2/MinimigAGA_poseidon-ep4cgx150-and-neptuno-master/fpga/poseidon/output_files/minimig_poseidon-ep4cgx150.sof ;
+----------------+---------------------------------------------------------------------------------------------------------------------------------------------+
; Option         ; Setting                                                                                                                                     ;
+----------------+---------------------------------------------------------------------------------------------------------------------------------------------+
; JTAG usercode  ; 0x016696AC                                                                                                                                  ;
; Checksum       ; 0x016696AC                                                                                                                                  ;
+----------------+---------------------------------------------------------------------------------------------------------------------------------------------+


+--------------------------------------------------------------------------------------------------------------------------------------------------------------+
; Assembler Device Options: F:/FPGA-POSEIDON-2025-2/MinimigAGA_poseidon-ep4cgx150-and-neptuno-master/fpga/poseidon/output_files/minimig_poseidon-ep4cgx150.rbf ;
+---------------------+----------------------------------------------------------------------------------------------------------------------------------------+
; Option              ; Setting                                                                                                                                ;
+---------------------+----------------------------------------------------------------------------------------------------------------------------------------+
; Raw Binary File     ;                                                                                                                                        ;
;  Compression Ratio  ; 3                                                                                                                                      ;
+---------------------+----------------------------------------------------------------------------------------------------------------------------------------+


+--------------------+
; Assembler Messages ;
+--------------------+
Info: *******************************************************************
Info: Running Quartus Prime Assembler
    Info: Version 17.0.2 Build 602 07/19/2017 SJ Lite Edition
    Info: Processing started: Wed Mar 26 21:31:22 2025
Info: Command: quartus_asm --read_settings_files=off --write_settings_files=off minimig_poseidon-ep4cgx150 -c minimig_poseidon-ep4cgx150
Info (115031): Writing out detailed assembly data for power analysis
Info (115030): Assembler is generating device programming files
Info: Quartus Prime Assembler was successful. 0 errors, 0 warnings
    Info: Peak virtual memory: 4835 megabytes
    Info: Processing ended: Wed Mar 26 21:31:32 2025
    Info: Elapsed time: 00:00:10
    Info: Total CPU time (on all processors): 00:00:10


